[INFO] Scanning for projects...
[INFO] 
[INFO] ---------------< com.haifa.bigdata:spark-imdb-analysis >----------------
[INFO] Building spark-imdb-analysis 1.0-SNAPSHOT
[INFO]   from pom.xml
[INFO] --------------------------------[ jar ]---------------------------------
[WARNING] 2 problems were encountered while building the effective model for org.apache.yetus:audience-annotations:jar:0.5.0 during dependency collection step for project (use -X to see details)
[INFO] 
[INFO] --- exec:3.1.0:java (default-cli) @ spark-imdb-analysis ---
SLF4J: Failed to load class "org.slf4j.impl.StaticLoggerBinder".
SLF4J: Defaulting to no-operation (NOP) logger implementation
SLF4J: See http://www.slf4j.org/codes.html#StaticLoggerBinder for further details.
SLF4J: Failed to load class "org.slf4j.impl.StaticMDCBinder".
SLF4J: Defaulting to no-operation MDCAdapter implementation.
SLF4J: See http://www.slf4j.org/codes.html#no_static_mdc_binder for further details.
=== Testing Year Detection ===

+----------------------+-----------+
|title                 |year       |
+----------------------+-----------+
|Cobra Kai             |(2018– )   |
|The Crown             |(2016– )   |
|Better Call Saul      |(2015–2022)|
|Devil in Ohio         |(2022)     |
|Cyberpunk: Edgerunners|(2022– )   |
|The Sandman           |(2022– )   |
|Rick and Morty        |(2013– )   |
|Breaking Bad          |(2008–2013)|
|The Imperfects        |(2022– )   |
|Blonde                |(2022)     |
+----------------------+-----------+
only showing top 10 rows


=== Method 1: contains('–') ===
+-----------+--------+
|year       |has_dash|
+-----------+--------+
|(2018– )   |true    |
|(2016– )   |true    |
|(2015–2022)|true    |
|(2022)     |false   |
|(2022– )   |true    |
|(2022– )   |true    |
|(2013– )   |true    |
|(2008–2013)|true    |
|(2022– )   |true    |
|(2022)     |false   |
+-----------+--------+
only showing top 10 rows

Count with en-dash: 3589

=== Method 2: contains('-') ===
+-----------+----------+
|year       |has_hyphen|
+-----------+----------+
|(2018– )   |false     |
|(2016– )   |false     |
|(2015–2022)|false     |
|(2022)     |false     |
|(2022– )   |false     |
|(2022– )   |false     |
|(2013– )   |false     |
|(2008–2013)|false     |
|(2022– )   |false     |
|(2022)     |false     |
+-----------+----------+
only showing top 10 rows

Count with hyphen: 0

=== Method 3: Space before paren ===
+-----------+---------------+
|year       |has_space_paren|
+-----------+---------------+
|(2018– )   |false          |
|(2016– )   |false          |
|(2015–2022)|false          |
|(2022)     |false          |
|(2022– )   |false          |
|(2022– )   |false          |
|(2013– )   |false          |
|(2008–2013)|false          |
|(2022– )   |false          |
|(2022)     |false          |
+-----------+---------------+
only showing top 10 rows

Count with space-paren pattern: 0
[INFO] ------------------------------------------------------------------------
[INFO] BUILD SUCCESS
[INFO] ------------------------------------------------------------------------
[INFO] Total time:  14.617 s
[INFO] Finished at: 2026-02-06T23:10:43+02:00
[INFO] ------------------------------------------------------------------------
[WARNING] 
java.lang.NoClassDefFoundError: org/apache/hadoop/util/ShutdownHookManager$2
    at org.apache.hadoop.util.ShutdownHookManager.getShutdownHooksInOrder (ShutdownHookManager.java:275)
    at org.apache.hadoop.util.ShutdownHookManager.executeShutdown (ShutdownHookManager.java:121)
    at org.apache.hadoop.util.ShutdownHookManager$1.run (ShutdownHookManager.java:95)
Caused by: java.lang.ClassNotFoundException: org.apache.hadoop.util.ShutdownHookManager$2
    at org.codehaus.mojo.exec.URLClassLoaderBuilder$ExecJavaClassLoader.loadClass (URLClassLoaderBuilder.java:198)
    at java.lang.ClassLoader.loadClass (ClassLoader.java:525)
    at org.apache.hadoop.util.ShutdownHookManager.getShutdownHooksInOrder (ShutdownHookManager.java:275)
    at org.apache.hadoop.util.ShutdownHookManager.executeShutdown (ShutdownHookManager.java:121)
    at org.apache.hadoop.util.ShutdownHookManager$1.run (ShutdownHookManager.java:95)
